[2merror.message=[0m"could not find a good candidate within 40 attempts at load balancing" [2m2026-05-29T21:52:10Z[0m proxy [32mewr[0m [[31merror[0m][2mrequest.url=[0m"https://markland.dev/health" 
[2m2026-05-29T21:52:10Z[0m app[7813932c203948] [32miad[0m [[34minfo[0m]time=2026-05-29T21:52:10.068Z level=ERROR msg="sync error" db=/data/markland.db error="sync wal: cannot copy to shadow wal: open /data/.markland.db-litestream/generations/500b7e4f67465de5/wal/00000025.wal: permission denied"
[2m2026-05-29T21:52:11Z[0m app[7813932c203948] [32miad[0m [[34minfo[0m]time=2026-05-29T21:52:11.068Z level=ERROR msg="sync error" db=/data/markland.db error="sync wal: cannot copy to shadow wal: open /data/.markland.db-litestream/generations/500b7e4f67465de5/wal/00000025.wal: permission denied"
[2merror.message=[0m"could not find a good candidate within 40 attempts at load balancing" [2m2026-05-29T21:52:11Z[0m proxy [32mewr[0m [[31merror[0m][2mrequest.url=[0m"https://markland.dev/health" 
[2m2026-05-29T21:52:12Z[0m app[7813932c203948] [32miad[0m [[34minfo[0m]time=2026-05-29T21:52:12.069Z level=ERROR msg="sync error" db=/data/markland.db error="sync wal: cannot copy to shadow wal: open /data/.markland.db-litestream/generations/500b7e4f67465de5/wal/00000025.wal: permission denied"
[2merror.message=[0m"could not find a good candidate within 40 attempts at load balancing" [2m2026-05-29T21:52:12Z[0m proxy [32mewr[0m [[31merror[0m][2mrequest.url=[0m"https://markland.dev/health" 
[2m2026-05-29T21:52:13Z[0m app[7813932c203948] [32miad[0m [[34minfo[0m]time=2026-05-29T21:52:13.069Z level=ERROR msg="sync error" db=/data/markland.db error="sync wal: cannot copy to shadow wal: open /data/.markland.db-litestream/generations/500b7e4f67465de5/wal/00000025.wal: permission denied"
[2m2026-05-29T21:52:14Z[0m app[7813932c203948] [32miad[0m [[34minfo[0m]time=2026-05-29T21:52:14.069Z level=ERROR msg="sync error" db=/data/markland.db error="sync wal: cannot copy to shadow wal: open /data/.markland.db-litestream/generations/500b7e4f67465de5/wal/00000025.wal: permission denied"
[2merror.message=[0m"could not find a good candidate within 40 attempts at load balancing" [2m2026-05-29T21:52:14Z[0m proxy [32mewr[0m [[31merror[0m][2mrequest.url=[0m"https://markland.dev/health" 
[2merror.message=[0m"could not find a good candidate within 40 attempts at load balancing" [2m2026-05-29T21:52:14Z[0m proxy [32mewr[0m [[31merror[0m][2mrequest.url=[0m"https://markland.dev/health" 
[2m2026-05-29T21:52:15Z[0m app[7813932c203948] [32miad[0m [[34minfo[0m]time=2026-05-29T21:52:15.068Z level=ERROR msg="sync error" db=/data/markland.db error="sync wal: cannot copy to shadow wal: open /data/.markland.db-litestream/generations/500b7e4f67465de5/wal/00000025.wal: permission denied"
[2m2026-05-29T21:52:16Z[0m app[7813932c203948] [32miad[0m [[34minfo[0m]time=2026-05-29T21:52:16.069Z level=ERROR msg="sync error" db=/data/markland.db error="sync wal: cannot copy to shadow wal: open /data/.markland.db-litestream/generations/500b7e4f67465de5/wal/00000025.wal: permission denied"
[2merror.message=[0m"could not find a good candidate within 40 attempts at load balancing" [2m2026-05-29T21:52:16Z[0m proxy [32mewr[0m [[31merror[0m][2mrequest.url=[0m"https://markland.dev/health" 
[2merror.message=[0m"could not find a good candidate within 40 attempts at load balancing" [2m2026-05-29T21:52:16Z[0m proxy [32mewr[0m [[31merror[0m][2mrequest.url=[0m"https://markland.dev/health" 
[2m2026-05-29T21:52:17Z[0m app[7813932c203948] [32miad[0m [[34minfo[0m]time=2026-05-29T21:52:17.068Z level=ERROR msg="sync error" db=/data/markland.db error="sync wal: cannot copy to shadow wal: open /data/.markland.db-litestream/generations/500b7e4f67465de5/wal/00000025.wal: permission denied"
[2m2026-05-29T21:52:18Z[0m app[7813932c203948] [32miad[0m [[34minfo[0m]time=2026-05-29T21:52:18.069Z level=ERROR msg="sync error" db=/data/markland.db error="sync wal: cannot copy to shadow wal: open /data/.markland.db-litestream/generations/500b7e4f67465de5/wal/00000025.wal: permission denied"
[2merror.message=[0m"could not find a good candidate within 40 attempts at load balancing" [2m2026-05-29T21:52:18Z[0m proxy [32mewr[0m [[31merror[0m][2mrequest.url=[0m"https://markland.dev/health" 
[2m2026-05-29T21:52:19Z[0m app[7813932c203948] [32miad[0m [[34minfo[0m]time=2026-05-29T21:52:19.069Z level=ERROR msg="sync error" db=/data/markland.db error="sync wal: cannot copy to shadow wal: open /data/.markland.db-litestream/generations/500b7e4f67465de5/wal/00000025.wal: permission denied"
[2merror.message=[0m"could not find a good candidate within 40 attempts at load balancing" [2m2026-05-29T21:52:19Z[0m proxy [32mewr[0m [[31merror[0m][2mrequest.url=[0m"https://markland.dev/health" 
[2m2026-05-29T21:52:20Z[0m app[7813932c203948] [32miad[0m [[34minfo[0m]time=2026-05-29T21:52:20.069Z level=ERROR msg="sync error" db=/data/markland.db error="sync wal: cannot copy to shadow wal: open /data/.markland.db-litestream/generations/500b7e4f67465de5/wal/00000025.wal: permission denied"
[2merror.message=[0m"could not find a good candidate within 40 attempts at load balancing" [2m2026-05-29T21:52:20Z[0m proxy [32mewr[0m [[31merror[0m][2mrequest.url=[0m"https://markland.dev/health" 
[2m2026-05-29T21:52:21Z[0m app[7813932c203948] [32miad[0m [[34minfo[0m]time=2026-05-29T21:52:21.068Z level=ERROR msg="sync error" db=/data/markland.db error="sync wal: cannot copy to shadow wal: open /data/.markland.db-litestream/generations/500b7e4f67465de5/wal/00000025.wal: permission denied"
[2merror.message=[0m"could not find a good candidate within 40 attempts at load balancing" [2m2026-05-29T21:52:21Z[0m proxy [32mewr[0m [[31merror[0m][2mrequest.url=[0m"https://markland.dev/health" 
[2m2026-05-29T21:52:22Z[0m app[7813932c203948] [32miad[0m [[34minfo[0m]time=2026-05-29T21:52:22.069Z level=ERROR msg="sync error" db=/data/markland.db error="sync wal: cannot copy to shadow wal: open /data/.markland.db-litestream/generations/500b7e4f67465de5/wal/00000025.wal: permission denied"
[2merror.message=[0m"could not find a good candidate within 40 attempts at load balancing" [2m2026-05-29T21:52:22Z[0m proxy [32mewr[0m [[31merror[0m][2mrequest.url=[0m"https://markland.dev/health" 
[2m2026-05-29T21:52:23Z[0m app[7813932c203948] [32miad[0m [[34minfo[0m]time=2026-05-29T21:52:23.069Z level=ERROR msg="sync error" db=/data/markland.db error="sync wal: cannot copy to shadow wal: open /data/.markland.db-litestream/generations/500b7e4f67465de5/wal/00000025.wal: permission denied"
[2merror.message=[0m"could not find a good candidate within 40 attempts at load balancing" [2m2026-05-29T21:52:23Z[0m proxy [32mewr[0m [[31merror[0m][2mrequest.url=[0m"https://markland.dev/health" 
[2m2026-05-29T21:52:24Z[0m app[7813932c203948] [32miad[0m [[34minfo[0m]time=2026-05-29T21:52:24.069Z level=ERROR msg="sync error" db=/data/markland.db error="sync wal: cannot copy to shadow wal: open /data/.markland.db-litestream/generations/500b7e4f67465de5/wal/00000025.wal: permission denied"
[2merror.message=[0m"could not find a good candidate within 40 attempts at load balancing" [2m2026-05-29T21:52:24Z[0m proxy [32mewr[0m [[31merror[0m][2mrequest.url=[0m"https://markland.dev/health" 
[2m2026-05-29T21:52:25Z[0m app[7813932c203948] [32miad[0m [[34minfo[0m]time=2026-05-29T21:52:25.069Z level=ERROR msg="sync error" db=/data/markland.db error="sync wal: cannot copy to shadow wal: open /data/.markland.db-litestream/generations/500b7e4f67465de5/wal/00000025.wal: permission denied"
[2m2026-05-29T21:52:26Z[0m app[7813932c203948] [32miad[0m [[34minfo[0m]time=2026-05-29T21:52:26.069Z level=ERROR msg="sync error" db=/data/markland.db error="sync wal: cannot copy to shadow wal: open /data/.markland.db-litestream/generations/500b7e4f67465de5/wal/00000025.wal: permission denied"
[2merror.message=[0m"could not find a good candidate within 40 attempts at load balancing" [2m2026-05-29T21:52:26Z[0m proxy [32mewr[0m [[31merror[0m][2mrequest.url=[0m"https://markland.dev/health" 
[2m2026-05-29T21:52:27Z[0m app[7813932c203948] [32miad[0m [[34minfo[0m]time=2026-05-29T21:52:27.069Z level=ERROR msg="sync error" db=/data/markland.db error="sync wal: cannot copy to shadow wal: open /data/.markland.db-litestream/generations/500b7e4f67465de5/wal/00000025.wal: permission denied"
[2merror.message=[0m"could not find a good candidate within 40 attempts at load balancing" [2m2026-05-29T21:52:27Z[0m proxy [32mewr[0m [[31merror[0m][2mrequest.url=[0m"https://markland.dev/health" 
[2m2026-05-29T21:52:28Z[0m app[7813932c203948] [32miad[0m [[34minfo[0m]time=2026-05-29T21:52:28.069Z level=ERROR msg="sync error" db=/data/markland.db error="sync wal: cannot copy to shadow wal: open /data/.markland.db-litestream/generations/500b7e4f67465de5/wal/00000025.wal: permission denied"
[2merror.message=[0m"could not find a good candidate within 40 attempts at load balancing" [2m2026-05-29T21:52:28Z[0m proxy [32mewr[0m [[31merror[0m][2mrequest.url=[0m"https://markland.dev/health" 
[2m2026-05-29T21:52:29Z[0m app[7813932c203948] [32miad[0m [[34minfo[0m]time=2026-05-29T21:52:29.069Z level=ERROR msg="sync error" db=/data/markland.db error="sync wal: cannot copy to shadow wal: open /data/.markland.db-litestream/generations/500b7e4f67465de5/wal/00000025.wal: permission denied"
[2merror.message=[0m"could not find a good candidate within 40 attempts at load balancing" [2m2026-05-29T21:52:29Z[0m proxy [32mewr[0m [[31merror[0m][2mrequest.url=[0m"https://markland.dev/health" 
[2m2026-05-29T21:52:30Z[0m app[7813932c203948] [32miad[0m [[34minfo[0m]time=2026-05-29T21:52:30.068Z level=ERROR msg="sync error" db=/data/markland.db error="sync wal: cannot copy to shadow wal: open /data/.markland.db-litestream/generations/500b7e4f67465de5/wal/00000025.wal: permission denied"
[2merror.message=[0m"could not find a good candidate within 40 attempts at load balancing" [2m2026-05-29T21:52:30Z[0m proxy [32mewr[0m [[31merror[0m][2mrequest.url=[0m"https://markland.dev/health" 
[2m2026-05-29T21:52:31Z[0m app[7813932c203948] [32miad[0m [[34minfo[0m]time=2026-05-29T21:52:31.069Z level=ERROR msg="sync error" db=/data/markland.db error="sync wal: cannot copy to shadow wal: open /data/.markland.db-litestream/generations/500b7e4f67465de5/wal/00000025.wal: permission denied"
[2merror.message=[0m"could not find a good candidate within 40 attempts at load balancing" [2m2026-05-29T21:52:31Z[0m proxy [32mewr[0m [[31merror[0m][2mrequest.url=[0m"https://markland.dev/health" 
[2m2026-05-29T21:52:32Z[0m app[7813932c203948] [32miad[0m [[34minfo[0m]time=2026-05-29T21:52:32.069Z level=ERROR msg="sync error" db=/data/markland.db error="sync wal: cannot copy to shadow wal: open /data/.markland.db-litestream/generations/500b7e4f67465de5/wal/00000025.wal: permission denied"
[2m2026-05-29T21:52:32Z[0m app[7813932c203948] [32miad[0m [[34minfo[0m]INFO:     172.19.2.57:64498 - "GET /health HTTP/1.1" 200 OK
[2m2026-05-29T21:52:32Z[0m health[7813932c203948] [32miad[0m [[34minfo[0m]Health check 'servicecheck-00-http-8080' on port 8080 is now passing.
[2merror.message=[0m"could not find a good candidate within 40 attempts at load balancing" [2m2026-05-29T21:52:32Z[0m proxy [32mewr[0m [[31merror[0m][2mrequest.url=[0m"https://markland.dev/health" 
[2m2026-05-29T21:52:33Z[0m app[7813932c203948] [32miad[0m [[34minfo[0m]time=2026-05-29T21:52:33.073Z level=ERROR msg="sync error" db=/data/markland.db error="sync wal: cannot copy to shadow wal: open /data/.markland.db-litestream/generations/500b7e4f67465de5/wal/00000025.wal: permission denied"
[2m2026-05-29T21:52:34Z[0m app[7813932c203948] [32miad[0m [[34minfo[0m]time=2026-05-29T21:52:34.069Z level=ERROR msg="sync error" db=/data/markland.db error="sync wal: cannot copy to shadow wal: open /data/.markland.db-litestream/generations/500b7e4f67465de5/wal/00000025.wal: permission denied"
[2m2026-05-29T21:52:35Z[0m app[7813932c203948] [32miad[0m [[34minfo[0m]time=2026-05-29T21:52:35.086Z level=ERROR msg="sync error" db=/data/markland.db error="sync wal: cannot copy to shadow wal: open /data/.markland.db-litestream/generations/500b7e4f67465de5/wal/00000025.wal: permission denied"
[2m2026-05-29T21:52:36Z[0m app[7813932c203948] [32miad[0m [[34minfo[0m]time=2026-05-29T21:52:36.123Z level=ERROR msg="sync error" db=/data/markland.db error="sync wal: cannot copy to shadow wal: open /data/.markland.db-litestream/generations/500b7e4f67465de5/wal/00000025.wal: permission denied"
[2m2026-05-29T21:52:37Z[0m app[7813932c203948] [32miad[0m [[34minfo[0m]time=2026-05-29T21:52:37.083Z level=ERROR msg="sync error" db=/data/markland.db error="sync wal: cannot copy to shadow wal: open /data/.markland.db-litestream/generations/500b7e4f67465de5/wal/00000025.wal: permission denied"
[2m2026-05-29T21:52:38Z[0m app[7813932c203948] [32miad[0m [[34minfo[0m]time=2026-05-29T21:52:38.123Z level=ERROR msg="sync error" db=/data/markland.db error="sync wal: cannot copy to shadow wal: open /data/.markland.db-litestream/generations/500b7e4f67465de5/wal/00000025.wal: permission denied"
[2m2026-05-29T21:52:39Z[0m app[7813932c203948] [32miad[0m [[34minfo[0m]time=2026-05-29T21:52:39.083Z level=ERROR msg="sync error" db=/data/markland.db error="sync wal: cannot copy to shadow wal: open /data/.markland.db-litestream/generations/500b7e4f67465de5/wal/00000025.wal: permission denied"
[2m2026-05-29T21:52:39Z[0m app[7813932c203948] [32miad[0m [[34minfo[0m]INFO:     2600:4041:7987:fd00:c02b:b81d:6e66:cd8b:0 - "GET /health HTTP/1.1" 200 OK
[2m2026-05-29T21:52:40Z[0m app[7813932c203948] [32miad[0m [[34minfo[0m]time=2026-05-29T21:52:40.125Z level=ERROR msg="sync error" db=/data/markland.db error="sync wal: cannot copy to shadow wal: open /data/.markland.db-litestream/generations/500b7e4f67465de5/wal/00000025.wal: permission denied"
[2m2026-05-29T21:52:41Z[0m app[7813932c203948] [32miad[0m [[34minfo[0m]time=2026-05-29T21:52:41.083Z level=ERROR msg="sync error" db=/data/markland.db error="sync wal: cannot copy to shadow wal: open /data/.markland.db-litestream/generations/500b7e4f67465de5/wal/00000025.wal: permission denied"
[2m2026-05-29T21:52:42Z[0m app[7813932c203948] [32miad[0m [[34minfo[0m]time=2026-05-29T21:52:42.123Z level=ERROR msg="sync error" db=/data/markland.db error="sync wal: cannot copy to shadow wal: open /data/.markland.db-litestream/generations/500b7e4f67465de5/wal/00000025.wal: permission denied"
[2m2026-05-29T21:52:43Z[0m app[7813932c203948] [32miad[0m [[34minfo[0m]time=2026-05-29T21:52:43.085Z level=ERROR msg="sync error" db=/data/markland.db error="sync wal: cannot copy to shadow wal: open /data/.markland.db-litestream/generations/500b7e4f67465de5/wal/00000025.wal: permission denied"
[2m2026-05-29T21:52:44Z[0m app[7813932c203948] [32miad[0m [[34minfo[0m]time=2026-05-29T21:52:44.123Z level=ERROR msg="sync error" db=/data/markland.db error="sync wal: cannot copy to shadow wal: open /data/.markland.db-litestream/generations/500b7e4f67465de5/wal/00000025.wal: permission denied"
[2m2026-05-29T21:52:45Z[0m app[7813932c203948] [32miad[0m [[34minfo[0m]time=2026-05-29T21:52:45.083Z level=ERROR msg="sync error" db=/data/markland.db error="sync wal: cannot copy to shadow wal: open /data/.markland.db-litestream/generations/500b7e4f67465de5/wal/00000025.wal: permission denied"
[2m2026-05-29T21:52:46Z[0m app[7813932c203948] [32miad[0m [[34minfo[0m]time=2026-05-29T21:52:46.125Z level=ERROR msg="sync error" db=/data/markland.db error="sync wal: cannot copy to shadow wal: open /data/.markland.db-litestream/generations/500b7e4f67465de5/wal/00000025.wal: permission denied"
[2m2026-05-29T21:52:47Z[0m app[7813932c203948] [32miad[0m [[34minfo[0m]time=2026-05-29T21:52:47.083Z level=ERROR msg="sync error" db=/data/markland.db error="sync wal: cannot copy to shadow wal: open /data/.markland.db-litestream/generations/500b7e4f67465de5/wal/00000025.wal: permission denied"
[2m2026-05-29T21:52:48Z[0m app[7813932c203948] [32miad[0m [[34minfo[0m]time=2026-05-29T21:52:48.123Z level=ERROR msg="sync error" db=/data/markland.db error="sync wal: cannot copy to shadow wal: open /data/.markland.db-litestream/generations/500b7e4f67465de5/wal/00000025.wal: permission denied"
[2m2026-05-29T21:52:48Z[0m app[7813932c203948] [32miad[0m [[34minfo[0m]INFO:     2600:4041:7987:fd00:c02b:b81d:6e66:cd8b:0 - "GET /health HTTP/1.1" 200 OK
[2m2026-05-29T21:52:49Z[0m app[7813932c203948] [32miad[0m [[34minfo[0m]time=2026-05-29T21:52:49.083Z level=ERROR msg="sync error" db=/data/markland.db error="sync wal: cannot copy to shadow wal: open /data/.markland.db-litestream/generations/500b7e4f67465de5/wal/00000025.wal: permission denied"
[2m2026-05-29T21:52:50Z[0m app[7813932c203948] [32miad[0m [[34minfo[0m]time=2026-05-29T21:52:50.128Z level=ERROR msg="sync error" db=/data/markland.db error="sync wal: cannot copy to shadow wal: open /data/.markland.db-litestream/generations/500b7e4f67465de5/wal/00000025.wal: permission denied"
[2m2026-05-29T21:52:51Z[0m app[7813932c203948] [32miad[0m [[34minfo[0m]time=2026-05-29T21:52:51.083Z level=ERROR msg="sync error" db=/data/markland.db error="sync wal: cannot copy to shadow wal: open /data/.markland.db-litestream/generations/500b7e4f67465de5/wal/00000025.wal: permission denied"
[2m2026-05-29T21:52:51Z[0m app[7813932c203948] [32miad[0m [[34minfo[0m]INFO:     2600:4041:7987:fd00:c02b:b81d:6e66:cd8b:0 - "GET /health HTTP/1.1" 200 OK
[2m2026-05-29T21:52:52Z[0m app[7813932c203948] [32miad[0m [[34minfo[0m]time=2026-05-29T21:52:52.123Z level=ERROR msg="sync error" db=/data/markland.db error="sync wal: cannot copy to shadow wal: open /data/.markland.db-litestream/generations/500b7e4f67465de5/wal/00000025.wal: permission denied"
[2m2026-05-29T21:52:53Z[0m app[7813932c203948] [32miad[0m [[34minfo[0m]time=2026-05-29T21:52:53.083Z level=ERROR msg="sync error" db=/data/markland.db error="sync wal: cannot copy to shadow wal: open /data/.markland.db-litestream/generations/500b7e4f67465de5/wal/00000025.wal: permission denied"
[2m2026-05-29T21:52:54Z[0m app[7813932c203948] [32miad[0m [[34minfo[0m]time=2026-05-29T21:52:54.123Z level=ERROR msg="sync error" db=/data/markland.db error="sync wal: cannot copy to shadow wal: open /data/.markland.db-litestream/generations/500b7e4f67465de5/wal/00000025.wal: permission denied"
[2m2026-05-29T21:52:55Z[0m app[7813932c203948] [32miad[0m [[34minfo[0m]time=2026-05-29T21:52:55.083Z level=ERROR msg="sync error" db=/data/markland.db error="sync wal: cannot copy to shadow wal: open /data/.markland.db-litestream/generations/500b7e4f67465de5/wal/00000025.wal: permission denied"
[2m2026-05-29T21:52:56Z[0m app[7813932c203948] [32miad[0m [[34minfo[0m]time=2026-05-29T21:52:56.125Z level=ERROR msg="sync error" db=/data/markland.db error="sync wal: cannot copy to shadow wal: open /data/.markland.db-litestream/generations/500b7e4f67465de5/wal/00000025.wal: permission denied"
[2m2026-05-29T21:52:57Z[0m app[7813932c203948] [32miad[0m [[34minfo[0m]time=2026-05-29T21:52:57.083Z level=ERROR msg="sync error" db=/data/markland.db error="sync wal: cannot copy to shadow wal: open /data/.markland.db-litestream/generations/500b7e4f67465de5/wal/00000025.wal: permission denied"
[2m2026-05-29T21:52:58Z[0m app[7813932c203948] [32miad[0m [[34minfo[0m]time=2026-05-29T21:52:58.123Z level=ERROR msg="sync error" db=/data/markland.db error="sync wal: cannot copy to shadow wal: open /data/.markland.db-litestream/generations/500b7e4f67465de5/wal/00000025.wal: permission denied"
[2m2026-05-29T21:52:58Z[0m app[7813932c203948] [32miad[0m [[34minfo[0m]INFO:     2600:4041:7987:fd00:c02b:b81d:6e66:cd8b:0 - "GET /health HTTP/1.1" 200 OK
[2m2026-05-29T21:52:59Z[0m app[7813932c203948] [32miad[0m [[34minfo[0m]time=2026-05-29T21:52:59.083Z level=ERROR msg="sync error" db=/data/markland.db error="sync wal: cannot copy to shadow wal: open /data/.markland.db-litestream/generations/500b7e4f67465de5/wal/00000025.wal: permission denied"
[2m2026-05-29T21:53:00Z[0m app[7813932c203948] [32miad[0m [[34minfo[0m]time=2026-05-29T21:53:00.123Z level=ERROR msg="sync error" db=/data/markland.db error="sync wal: cannot copy to shadow wal: open /data/.markland.db-litestream/generations/500b7e4f67465de5/wal/00000025.wal: permission denied"
[2m2026-05-29T21:53:00Z[0m app[7813932c203948] [32miad[0m [[34minfo[0m]INFO:     2600:4041:7987:fd00:c02b:b81d:6e66:cd8b:0 - "GET /health HTTP/1.1" 200 OK
[2m2026-05-29T21:53:01Z[0m app[7813932c203948] [32miad[0m [[34minfo[0m]time=2026-05-29T21:53:01.083Z level=ERROR msg="sync error" db=/data/markland.db error="sync wal: cannot copy to shadow wal: open /data/.markland.db-litestream/generations/500b7e4f67465de5/wal/00000025.wal: permission denied"
[2m2026-05-29T21:53:02Z[0m app[7813932c203948] [32miad[0m [[34minfo[0m]time=2026-05-29T21:53:02.123Z level=ERROR msg="sync error" db=/data/markland.db error="sync wal: cannot copy to shadow wal: open /data/.markland.db-litestream/generations/500b7e4f67465de5/wal/00000025.wal: permission denied"
[2m2026-05-29T21:53:02Z[0m app[7813932c203948] [32miad[0m [[34minfo[0m]INFO:     2600:4041:7987:fd00:c02b:b81d:6e66:cd8b:0 - "GET /health HTTP/1.1" 200 OK
[2m2026-05-29T21:53:03Z[0m app[7813932c203948] [32miad[0m [[34minfo[0m]time=2026-05-29T21:53:03.088Z level=ERROR msg="sync error" db=/data/markland.db error="sync wal: cannot copy to shadow wal: open /data/.markland.db-litestream/generations/500b7e4f67465de5/wal/00000025.wal: permission denied"
[2m2026-05-29T21:53:04Z[0m app[7813932c203948] [32miad[0m [[34minfo[0m]time=2026-05-29T21:53:04.123Z level=ERROR msg="sync error" db=/data/markland.db error="sync wal: cannot copy to shadow wal: open /data/.markland.db-litestream/generations/500b7e4f67465de5/wal/00000025.wal: permission denied"
[2m2026-05-29T21:53:05Z[0m app[7813932c203948] [32miad[0m [[34minfo[0m]INFO:     2600:4041:7987:fd00:c02b:b81d:6e66:cd8b:0 - "GET /health HTTP/1.1" 200 OK
[2m2026-05-29T21:53:05Z[0m app[7813932c203948] [32miad[0m [[34minfo[0m]time=2026-05-29T21:53:05.083Z level=ERROR msg="sync error" db=/data/markland.db error="sync wal: cannot copy to shadow wal: open /data/.markland.db-litestream/generations/500b7e4f67465de5/wal/00000025.wal: permission denied"
[2m2026-05-29T21:53:06Z[0m app[7813932c203948] [32miad[0m [[34minfo[0m]time=2026-05-29T21:53:06.125Z level=ERROR msg="sync error" db=/data/markland.db error="sync wal: cannot copy to shadow wal: open /data/.markland.db-litestream/generations/500b7e4f67465de5/wal/00000025.wal: permission denied"
[2m2026-05-29T21:53:07Z[0m app[7813932c203948] [32miad[0m [[34minfo[0m]time=2026-05-29T21:53:07.085Z level=ERROR msg="sync error" db=/data/markland.db error="sync wal: cannot copy to shadow wal: open /data/.markland.db-litestream/generations/500b7e4f67465de5/wal/00000025.wal: permission denied"
[2m2026-05-29T21:53:07Z[0m app[7813932c203948] [32miad[0m [[34minfo[0m]INFO:     2600:4041:7987:fd00:c02b:b81d:6e66:cd8b:0 - "GET /health HTTP/1.1" 200 OK
[2m2026-05-29T21:53:08Z[0m health[7813932c203948] [32miad[0m [[31merror[0m]Health check 'servicecheck-00-http-8080' on port 8080 has failed. Your app is not responding properly. Services exposed on ports [80, 443] will have intermittent failures until the health check passes.
[2m2026-05-29T21:53:08Z[0m app[7813932c203948] [32miad[0m [[34minfo[0m]time=2026-05-29T21:53:08.125Z level=ERROR msg="sync error" db=/data/markland.db error="sync wal: cannot copy to shadow wal: open /data/.markland.db-litestream/generations/500b7e4f67465de5/wal/00000025.wal: permission denied"
[2m2026-05-29T21:53:09Z[0m app[7813932c203948] [32miad[0m [[34minfo[0m]time=2026-05-29T21:53:09.085Z level=ERROR msg="sync error" db=/data/markland.db error="sync wal: cannot copy to shadow wal: open /data/.markland.db-litestream/generations/500b7e4f67465de5/wal/00000025.wal: permission denied"
[2m2026-05-29T21:53:09Z[0m app[7813932c203948] [32miad[0m [[34minfo[0m]INFO:     2600:4041:7987:fd00:c02b:b81d:6e66:cd8b:0 - "GET /health HTTP/1.1" 200 OK
[2m2026-05-29T21:53:10Z[0m app[7813932c203948] [32miad[0m [[34minfo[0m]time=2026-05-29T21:53:10.124Z level=ERROR msg="sync error" db=/data/markland.db error="sync wal: cannot copy to shadow wal: open /data/.markland.db-litestream/generations/500b7e4f67465de5/wal/00000025.wal: permission denied"
[2m2026-05-29T21:53:11Z[0m app[7813932c203948] [32miad[0m [[34minfo[0m]time=2026-05-29T21:53:11.083Z level=ERROR msg="sync error" db=/data/markland.db error="sync wal: cannot copy to shadow wal: open /data/.markland.db-litestream/generations/500b7e4f67465de5/wal/00000025.wal: permission denied"
[2m2026-05-29T21:53:11Z[0m app[7813932c203948] [32miad[0m [[34minfo[0m]INFO:     2600:4041:7987:fd00:c02b:b81d:6e66:cd8b:0 - "GET /health HTTP/1.1" 200 OK
[2m2026-05-29T21:53:12Z[0m app[7813932c203948] [32miad[0m [[34minfo[0m]time=2026-05-29T21:53:12.123Z level=ERROR msg="sync error" db=/data/markland.db error="sync wal: cannot copy to shadow wal: open /data/.markland.db-litestream/generations/500b7e4f67465de5/wal/00000025.wal: permission denied"
[2m2026-05-29T21:53:13Z[0m app[7813932c203948] [32miad[0m [[34minfo[0m]time=2026-05-29T21:53:13.083Z level=ERROR msg="sync error" db=/data/markland.db error="sync wal: cannot copy to shadow wal: open /data/.markland.db-litestream/generations/500b7e4f67465de5/wal/00000025.wal: permission denied"
[2m2026-05-29T21:53:13Z[0m app[7813932c203948] [32miad[0m [[34minfo[0m]INFO:     2600:4041:7987:fd00:c02b:b81d:6e66:cd8b:0 - "GET /health HTTP/1.1" 200 OK
[2m2026-05-29T21:53:14Z[0m app[7813932c203948] [32miad[0m [[34minfo[0m]time=2026-05-29T21:53:14.123Z level=ERROR msg="sync error" db=/data/markland.db error="sync wal: cannot copy to shadow wal: open /data/.markland.db-litestream/generations/500b7e4f67465de5/wal/00000025.wal: permission denied"
